// Jest Snapshot v1, https://goo.gl/fbAQLP

exports[`<AppWrapper /> should match snapshots 1`] = `
<Fragment>
  <Header />
  <ErrorMessage />
  <Container
    fluid={false}
  >
    <p>
      App content
    </p>
  </Container>
  <CreateToDo />
</Fragment>
`;
