// Jest Snapshot v1, https://goo.gl/fbAQLP

exports[`<AppRouter /> should match snapshots 1`] = `ShallowWrapper {}`;
