// Jest Snapshot v1, https://goo.gl/fbAQLP

exports[`<Header /> should match snapshot 1`] = `
<styled.div>
  <Link
    to="/"
  >
    <h3>
      Spoke.ai
    </h3>
  </Link>
</styled.div>
`;
